[V9.45] parallel_workers=12 days=1827
[V9.45] processed_days=1/1827 completed_day=2021-05-11
[V9.45] processed_days=25/1827 completed_day=2021-06-01
[V9.45] processed_days=50/1827 completed_day=2021-06-30
[V9.45] processed_days=75/1827 completed_day=2021-07-19
[V9.45] processed_days=100/1827 completed_day=2021-08-11
[V9.45] processed_days=125/1827 completed_day=2021-09-03
[V9.45] processed_days=150/1827 completed_day=2021-10-02
[V9.45] processed_days=175/1827 completed_day=2021-10-21
[V9.45] processed_days=200/1827 completed_day=2021-11-18
[V9.45] processed_days=225/1827 completed_day=2021-12-16
[V9.45] processed_days=250/1827 completed_day=2022-01-15
[V9.45] processed_days=275/1827 completed_day=2022-02-06
[V9.45] processed_days=300/1827 completed_day=2022-03-05
[V9.45] processed_days=325/1827 completed_day=2022-03-25
[V9.45] processed_days=350/1827 completed_day=2022-04-20
[V9.45] processed_days=375/1827 completed_day=2022-05-18
[V9.45] processed_days=400/1827 completed_day=2022-06-11
[V9.45] processed_days=425/1827 completed_day=2022-07-04
[V9.45] processed_days=450/1827 completed_day=2022-07-28
[V9.45] processed_days=475/1827 completed_day=2022-08-19
[V9.45] processed_days=500/1827 completed_day=2022-09-18
[V9.45] processed_days=525/1827 completed_day=2022-10-11
[V9.45] processed_days=550/1827 completed_day=2022-11-06
[V9.45] processed_days=575/1827 completed_day=2022-11-29
[V9.45] processed_days=600/1827 completed_day=2022-12-25
[V9.45] processed_days=625/1827 completed_day=2023-01-18
[V9.45] processed_days=650/1827 completed_day=2023-02-14
[V9.45] processed_days=675/1827 completed_day=2023-03-09
[V9.45] processed_days=700/1827 completed_day=2023-04-09
[V9.45] processed_days=725/1827 completed_day=2023-05-01
[V9.45] processed_days=750/1827 completed_day=2023-05-26
[V9.45] processed_days=775/1827 completed_day=2023-06-10
[V9.45] processed_days=800/1827 completed_day=2023-07-15
[V9.45] processed_days=825/1827 completed_day=2023-08-01
[V9.45] processed_days=850/1827 completed_day=2023-09-04
[V9.45] processed_days=875/1827 completed_day=2023-09-25
[V9.45] processed_days=900/1827 completed_day=2023-10-27
[V9.45] processed_days=925/1827 completed_day=2023-11-14
[V9.45] processed_days=950/1827 completed_day=2023-12-05
[V9.45] processed_days=975/1827 completed_day=2024-01-04
[V9.45] processed_days=1000/1827 completed_day=2024-02-03
[V9.45] processed_days=1025/1827 completed_day=2024-02-20
[V9.45] processed_days=1050/1827 completed_day=2024-03-21
[V9.45] processed_days=1075/1827 completed_day=2024-04-20
[V9.45] processed_days=1100/1827 completed_day=2024-05-09
[V9.45] processed_days=1125/1827 completed_day=2024-05-31
[V9.45] processed_days=1150/1827 completed_day=2024-06-25
[V9.45] processed_days=1175/1827 completed_day=2024-07-16
[V9.45] processed_days=1200/1827 completed_day=2024-08-16
[V9.45] processed_days=1225/1827 completed_day=2024-09-09
[V9.45] processed_days=1250/1827 completed_day=2024-10-12
[V9.45] processed_days=1275/1827 completed_day=2024-10-28
[V9.45] processed_days=1300/1827 completed_day=2024-11-28
[V9.45] processed_days=1325/1827 completed_day=2024-12-16
[V9.45] processed_days=1350/1827 completed_day=2025-01-09
[V9.45] processed_days=1375/1827 completed_day=2025-02-02
[V9.45] processed_days=1400/1827 completed_day=2025-03-06
[V9.45] processed_days=1425/1827 completed_day=2025-03-29
[V9.45] processed_days=1450/1827 completed_day=2025-04-09
[V9.45] processed_days=1475/1827 completed_day=2025-05-18
[V9.45] processed_days=1500/1827 completed_day=2025-06-09
[V9.45] processed_days=1525/1827 completed_day=2025-07-07
[V9.45] processed_days=1550/1827 completed_day=2025-08-02
[V9.45] processed_days=1575/1827 completed_day=2025-08-30
[V9.45] processed_days=1600/1827 completed_day=2025-09-17
[V9.45] processed_days=1625/1827 completed_day=2025-10-11
[V9.45] processed_days=1650/1827 completed_day=2025-11-11
[V9.45] processed_days=1675/1827 completed_day=2025-12-08
[V9.45] processed_days=1700/1827 completed_day=2025-12-18
[V9.45] processed_days=1725/1827 completed_day=2026-01-25
[V9.45] processed_days=1750/1827 completed_day=2026-02-18
[V9.45] processed_days=1775/1827 completed_day=2026-03-10
[V9.45] processed_days=1800/1827 completed_day=2026-04-12
[V9.45] processed_days=1825/1827 completed_day=2026-05-01
[V9.45] processed_days=1827/1827 completed_day=2026-05-04
{
  "version": "V9.45",
  "decision": "aggtrades_exact_5y_feature_enrichment_partial",
  "quality_status": "FAIL",
  "coverage_status": "target_5y_exact_feature_window_complete",
  "row_counts": {
    "1m": 2630880,
    "5m": 526176,
    "15m": 175392,
    "1h": 43848
  },
  "runtime_seconds": 1183.954
}
